// Jest Snapshot v1, https://goo.gl/fbAQLP

exports[`Components > Button Render a snapshot for Button use renderer 1`] = `
<View
  accessible={true}
  focusable={true}
  onClick={[Function]}
  onResponderGrant={[Function]}
  onResponderMove={[Function]}
  onResponderRelease={[Function]}
  onResponderTerminate={[Function]}
  onResponderTerminationRequest={[Function]}
  onStartShouldSetResponder={[Function]}
  style={
    Object {
      "alignItems": "center",
      "backgroundColor": "green",
      "opacity": 1,
      "padding": 24,
    }
  }
>
  <Text
    style={
      Object {
        "color": "white",
        "fontSize": 12,
        "textAlign": "center",
      }
    }
  >
    Press me
  </Text>
</View>
`;
